// Jest Snapshot v1, https://goo.gl/fbAQLP

exports[`Vue renders correctly 1`] = `
"[2mexpect([22m[31mreceived[39m[2m).toHaveNoViolations([22m[32mexpected[39m[2m)[22m

Expected the HTML found at $('#test-image') to have no violations:

<img id=\\"test-image\\" src=\\"#\\">

Received:

[31m\\"Images must have alternate text (image-alt)\\"[39m

Try fixing it with this help: https://dequeuniversity.com/rules/axe/3.1/image-alt?application=axeAPI"
`;
